Drill report for Rdrop-GPT6.kicad_pcb
Created on 2026-10-06T16:37:05

Copper Layer Stackup:
    =============================================================
    L1 :  F.Cu                      front
    L2 :  B.Cu                      back


Drill file 'Rdrop-GPT6-PTH.drl' contains
    plated through holes:
    =============================================================
    T1  0.200mm  0.0079"  (14 holes))
    T2  0.300mm  0.0118"  (111 holes))
    T3  0.350mm  0.0138"  (728 holes))
    T4  0.900mm  0.0354"  (9 holes))
    T5  1.000mm  0.0394"  (29 holes))
    T6  1.010mm  0.0398"  (4 holes))
    T7  1.300mm  0.0512"  (3 holes))

    Total plated holes count 898


Drill file 'Rdrop-GPT6-NPTH.drl' contains
    unplated through holes:
    =============================================================
    T1  3.200mm  0.1260"  (6 holes))
    T2  4.400mm  0.1732"  (4 holes))

    Total unplated holes count 10
